// Jest Snapshot v1, https://goo.gl/fbAQLP

exports[`Verification Success Screen renders 1`] = `
<div>
  <p
    data-testid="verification-success"
  >
    <span>
      OREA verificiation successful
    </span>
  </p>
  <div>
    <div>
      <svg
        style="width: 80px;"
        viewBox="0 0 24 24"
        xmlns="http://www.w3.org/2000/svg"
      >
        <path
          d="M18.563 6L9.374 17.75l-3.938-3.838"
          fill="none"
          fill-rule="evenodd"
          stroke="#59dbac"
          stroke-linecap="round"
          stroke-linejoin="round"
        />
      </svg>
    </div>
    <div>
      <span>
        Your identity has been successfully verified through OREA.
      </span>
    </div>
  </div>
  <button
    class="MuiButtonBase-root-31 MuiButton-root-5 MuiButton-contained-16 MuiButton-containedPrimary-17 ButtonC-primary-2 MuiButton-raised-19 MuiButton-raisedPrimary-20 MuiButton-fullWidth-30 ButtonC-button-1"
    data-testid="close-dialog"
    tabindex="0"
    type="button"
  >
    <span
      class="MuiButton-label-6"
    >
      <span>
        Done
      </span>
    </span>
  </button>
</div>
`;
