// Jest Snapshot v1, https://goo.gl/fbAQLP

exports[`Form Group Name Bread Crumb renders 1`] = `
<div>
  <span />
</div>
`;
