// Jest Snapshot v1, https://goo.gl/fbAQLP

exports[`LineField renders a div with 90 degree rotation 1`] = `
<div>
  <div
    class="fieldOutClick"
  >
    <div
      class=""
      data-testid="line-field-container"
      role="button"
      style="height: 0px; width: 20px; transform: translate(0px, 20px) rotate(90deg);"
      tabindex="-1"
    >
      <div
        class=""
        style="height: 5px; width: 20px;"
      />
    </div>
  </div>
</div>
`;
