// Jest Snapshot v1, https://goo.gl/fbAQLP

exports[`Password Reset Email Sent renders 1`] = `
<div>
  <div
    class="Apollo-SendResetPasswordEmailHOC--resetEmailSent-1"
  >
    <h3
      class="MuiTypography-root-4 MuiTypography-subheading-11"
    >
      A password reset email was sent to your email address. Please check your email.
    </h3>
    <div
      class="Apollo-SendResetPasswordEmailHOC--buttons-2"
    >
      <button
        class="MuiButtonBase-root-60 MuiButton-root-34 MuiButton-contained-45 MuiButton-containedPrimary-46 ButtonC-primary-31 MuiButton-raised-48 MuiButton-raisedPrimary-49 ButtonC-button-30 Apollo-SendResetPasswordEmailHOC--button-3"
        data-testid=""
        tabindex="0"
        type="button"
      >
        <span
          class="MuiButton-label-35"
        >
          Login
        </span>
      </button>
      <button
        class="MuiButtonBase-root-60 MuiButton-root-34 MuiButton-contained-45 MuiButton-containedSecondary-47 ButtonC-secondary-32 MuiButton-raised-48 MuiButton-raisedSecondary-50 ButtonC-button-30 Apollo-SendResetPasswordEmailHOC--button-3"
        data-testid="submit-button"
        tabindex="0"
        type="button"
      >
        <span
          class="MuiButton-label-35"
        >
          Resend Email
        </span>
      </button>
    </div>
  </div>
</div>
`;
