// Jest Snapshot v1, https://goo.gl/fbAQLP

exports[`LineField renders 1`] = `
<div>
  <div
    class="AttributesC-root-1"
  >
    <div
      class="AttributesC-header-2"
    >
      <div
        class="AttributesC-headerTitle-3"
      >
        <div
          class="MuiInputBase-root-7 MuiInputBase-fullWidth-16 AttributesC-headerTitleInput-4"
        >
          <input
            class="MuiInputBase-input-17"
            id="fieldName"
            type="text"
            value="LineField"
          />
        </div>
      </div>
      <div
        class="AttributesC-headerIcons-5"
      >
        <button
          class="MuiButtonBase-root-30 MuiIconButton-root-24"
          data-testid="cloneField"
          tabindex="0"
          type="button"
        >
          <span
            class="MuiIconButton-label-29"
          >
            <svg
              height="20"
              viewBox="0 0 20 20"
              width="20"
              xmlns="http://www.w3.org/2000/svg"
              xmlns:xlink="http://www.w3.org/1999/xlink"
            >
              <defs>
                <path
                  d="M7.786 2.119c-.894 0-1.62.725-1.62 1.62v6.475c0 .894.726 1.62 1.62 1.62h6.476c.894 0 1.619-.726 1.619-1.62V3.738c0-.894-.725-1.619-1.62-1.619H7.787zm5.666 11.333v.81a3.238 3.238 0 0 1-3.238 3.238H3.738A3.238 3.238 0 0 1 .5 14.262V7.786a3.238 3.238 0 0 1 3.238-3.238h.81v-.81A3.238 3.238 0 0 1 7.786.5h6.476A3.238 3.238 0 0 1 17.5 3.738v6.476a3.238 3.238 0 0 1-3.238 3.238h-.81zm-1.619 0H7.786a3.238 3.238 0 0 1-3.238-3.238V6.167h-.81c-.894 0-1.619.725-1.619 1.619v6.476c0 .894.725 1.619 1.62 1.619h6.475c.894 0 1.62-.725 1.62-1.62v-.809z"
                  id="a"
                />
              </defs>
              <g
                fill="none"
                fill-rule="evenodd"
                transform="translate(1 1)"
              >
                <mask
                  fill="#fff"
                  id="b"
                >
                  <use
                    xlink:href="#a"
                  />
                </mask>
                <use
                  fill-rule="nonzero"
                  xlink:href="#a"
                />
                <g
                  fill="currentColor"
                  mask="url(#b)"
                >
                  <path
                    d="M-1-1h20v20H-1z"
                  />
                </g>
              </g>
            </svg>
          </span>
          <span
            class="MuiTouchRipple-root-33"
          />
        </button>
        <button
          class="MuiButtonBase-root-30 MuiIconButton-root-24"
          data-testid="deleteField"
          tabindex="0"
          type="button"
        >
          <span
            class="MuiIconButton-label-29"
          >
            <svg
              height="20"
              viewBox="0 0 20 20"
              width="20"
              xmlns="http://www.w3.org/2000/svg"
              xmlns:xlink="http://www.w3.org/1999/xlink"
            >
              <defs>
                <path
                  d="M4.444 3.367V1.589c0-.491.398-.889.89-.889h5.333c.49 0 .889.398.889.889v1.778h3.555a.889.889 0 0 1 0 1.777v10.667a3.556 3.556 0 0 1-3.555 3.556H4.444A3.556 3.556 0 0 1 .89 15.81V5.144a.889.889 0 1 1 0-1.777h3.555zM2.667 5.144v10.667c0 .982.796 1.778 1.777 1.778h7.112c.981 0 1.777-.796 1.777-1.778V5.144H2.667zm2.666 2.667a.889.889 0 1 1 1.778 0v7.111a.889.889 0 0 1-1.778 0v-7.11zm3.556 0a.889.889 0 0 1 1.778 0v7.111a.889.889 0 0 1-1.778 0v-7.11zM6.222 3.367h3.556v-.89H6.222v.89z"
                  id="a"
                />
              </defs>
              <g
                fill="none"
                fill-rule="evenodd"
                transform="translate(2)"
              >
                <mask
                  fill="#fff"
                  id="b"
                >
                  <use
                    xlink:href="#a"
                  />
                </mask>
                <use
                  fill-rule="nonzero"
                  xlink:href="#a"
                />
                <g
                  fill="currentColor"
                  mask="url(#b)"
                >
                  <path
                    d="M-2 0h20v20H-2z"
                  />
                </g>
              </g>
            </svg>
          </span>
          <span
            class="MuiTouchRipple-root-33"
          />
        </button>
      </div>
    </div>
    <div
      class="AttributesC-content-6"
    >
      <div
        class="MuiPaper-root-51 MuiPaper-elevation0-53 MuiExpansionPanel-root-48 MuiExpansionPanel-expanded-49"
      >
        <div
          aria-expanded="true"
          class="MuiButtonBase-root-30 MuiExpansionPanelSummary-root-78 CollapsibleAttributeWrapperC-root-40 MuiExpansionPanelSummary-expanded-79 CollapsibleAttributeWrapperC-expanded-42"
          role="button"
          tabindex="0"
        >
          <div
            class="MuiExpansionPanelSummary-content-82 CollapsibleAttributeWrapperC-content-41 MuiExpansionPanelSummary-expanded-79 CollapsibleAttributeWrapperC-expanded-42"
          >
            <p
              class="MuiTypography-root-84 MuiTypography-body1-93 CollapsibleAttributeWrapperC-attributeName-47"
            >
              Position & Sizing
            </p>
          </div>
          <div
            aria-hidden="true"
            class="MuiButtonBase-root-30 MuiIconButton-root-24 MuiExpansionPanelSummary-expandIcon-83 CollapsibleAttributeWrapperC-expandIcon-43 MuiExpansionPanelSummary-expanded-79 CollapsibleAttributeWrapperC-expanded-42"
            role="button"
            tabindex="-1"
          >
            <span
              class="MuiIconButton-label-29"
            >
              <svg
                aria-hidden="true"
                class="MuiSvgIcon-root-110"
                focusable="false"
                role="presentation"
                viewBox="0 0 24 24"
              >
                <path
                  d="M16.59 8.59L12 13.17 7.41 8.59 6 10l6 6 6-6z"
                />
                <path
                  d="M0 0h24v24H0z"
                  fill="none"
                />
              </svg>
            </span>
            <span
              class="MuiTouchRipple-root-33"
            />
          </div>
        </div>
        <div
          class="MuiCollapse-container-119 CollapsibleAttributeWrapperC-panel-44 CollapsibleAttributeWrapperC-panelExpanded-45 MuiCollapse-entered-120"
          style="min-height: 0px;"
        >
          <div
            class="MuiCollapse-wrapper-121"
          >
            <div
              class="MuiCollapse-wrapperInner-122"
            >
              <div
                class="MuiExpansionPanelDetails-root-123 CollapsibleAttributeWrapperC-expansionPanelDetails-46"
              >
                <div>
                  <div>
                    <label
                      class="MuiFormLabel-root-124"
                    >
                      Lock
                    </label>
                    <span
                      class="MuiButtonBase-root-30 MuiIconButton-root-24 MuiSwitchBase-root-137 MuiCheckbox-root-131 MuiCheckbox-colorSecondary-136"
                    >
                      <span
                        class="MuiIconButton-label-29"
                      >
                        <svg
                          aria-hidden="true"
                          class="MuiSvgIcon-root-110"
                          focusable="false"
                          role="presentation"
                          viewBox="0 0 24 24"
                        >
                          <path
                            d="M19 5v14H5V5h14m0-2H5c-1.1 0-2 .9-2 2v14c0 1.1.9 2 2 2h14c1.1 0 2-.9 2-2V5c0-1.1-.9-2-2-2z"
                          />
                        </svg>
                        <input
                          class="MuiSwitchBase-input-140"
                          data-indeterminate="false"
                          name="updateFormBase"
                          type="checkbox"
                          value="updateFormBase"
                        />
                      </span>
                      <span
                        class="MuiTouchRipple-root-33"
                      />
                    </span>
                  </div>
                  <div>
                    <label
                      class="MuiFormLabel-root-124"
                    >
                      Vertex Point 1
                    </label>
                    <label
                      class="MuiFormLabel-root-124 MuiInputLabel-root-141 MuiInputLabel-animated-145"
                    >
                      x1
                    </label>
                    <div
                      class="MuiInputBase-root-7 MuiInput-root-148 MuiInput-underline-152"
                    >
                      <input
                        class="MuiInputBase-input-17 MuiInput-input-156 MuiInputBase-inputType-20 MuiInput-inputType-159"
                        data-testid="line-attribute-x1-input"
                        min="0"
                        type="number"
                        value="10"
                      />
                    </div>
                    <label
                      class="MuiFormLabel-root-124 MuiInputLabel-root-141 MuiInputLabel-animated-145"
                    >
                      y1
                    </label>
                    <div
                      class="MuiInputBase-root-7 MuiInput-root-148 MuiInput-underline-152"
                    >
                      <input
                        class="MuiInputBase-input-17 MuiInput-input-156 MuiInputBase-inputType-20 MuiInput-inputType-159"
                        min="0"
                        type="number"
                        value="10"
                      />
                    </div>
                  </div>
                  <div>
                    <label
                      class="MuiFormLabel-root-124"
                    >
                      Vertex Point 2
                    </label>
                    <label
                      class="MuiFormLabel-root-124 MuiInputLabel-root-141 MuiInputLabel-animated-145"
                    >
                      x2
                    </label>
                    <div
                      class="MuiInputBase-root-7 MuiInput-root-148 MuiInput-underline-152"
                    >
                      <input
                        class="MuiInputBase-input-17 MuiInput-input-156 MuiInputBase-inputType-20 MuiInput-inputType-159"
                        min="0"
                        type="number"
                        value="10"
                      />
                    </div>
                    <label
                      class="MuiFormLabel-root-124 MuiInputLabel-root-141 MuiInputLabel-animated-145"
                    >
                      y2
                    </label>
                    <div
                      class="MuiInputBase-root-7 MuiInput-root-148 MuiInput-underline-152"
                    >
                      <input
                        class="MuiInputBase-input-17 MuiInput-input-156 MuiInputBase-inputType-20 MuiInput-inputType-159"
                        min="0"
                        type="number"
                        value="30"
                      />
                    </div>
                  </div>
                </div>
              </div>
            </div>
          </div>
        </div>
      </div>
      <div
        class="MuiPaper-root-51 MuiPaper-elevation0-53 MuiExpansionPanel-root-48 MuiExpansionPanel-expanded-49"
      >
        <div
          aria-expanded="true"
          class="MuiButtonBase-root-30 MuiExpansionPanelSummary-root-78 CollapsibleAttributeWrapperC-root-40 MuiExpansionPanelSummary-expanded-79 CollapsibleAttributeWrapperC-expanded-42"
          role="button"
          tabindex="0"
        >
          <div
            class="MuiExpansionPanelSummary-content-82 CollapsibleAttributeWrapperC-content-41 MuiExpansionPanelSummary-expanded-79 CollapsibleAttributeWrapperC-expanded-42"
          >
            <p
              class="MuiTypography-root-84 MuiTypography-body1-93 CollapsibleAttributeWrapperC-attributeName-47"
            >
              Stroke Appearance
            </p>
          </div>
          <div
            aria-hidden="true"
            class="MuiButtonBase-root-30 MuiIconButton-root-24 MuiExpansionPanelSummary-expandIcon-83 CollapsibleAttributeWrapperC-expandIcon-43 MuiExpansionPanelSummary-expanded-79 CollapsibleAttributeWrapperC-expanded-42"
            role="button"
            tabindex="-1"
          >
            <span
              class="MuiIconButton-label-29"
            >
              <svg
                aria-hidden="true"
                class="MuiSvgIcon-root-110"
                focusable="false"
                role="presentation"
                viewBox="0 0 24 24"
              >
                <path
                  d="M16.59 8.59L12 13.17 7.41 8.59 6 10l6 6 6-6z"
                />
                <path
                  d="M0 0h24v24H0z"
                  fill="none"
                />
              </svg>
            </span>
            <span
              class="MuiTouchRipple-root-33"
            />
          </div>
        </div>
        <div
          class="MuiCollapse-container-119 CollapsibleAttributeWrapperC-panel-44 CollapsibleAttributeWrapperC-panelExpanded-45 MuiCollapse-entered-120"
          style="min-height: 0px;"
        >
          <div
            class="MuiCollapse-wrapper-121"
          >
            <div
              class="MuiCollapse-wrapperInner-122"
            >
              <div
                class="MuiExpansionPanelDetails-root-123 CollapsibleAttributeWrapperC-expansionPanelDetails-46"
              >
                <div
                  data-testid="line-attribute-x2-input"
                >
                  <div>
                    <label
                      class="MuiFormLabel-root-124"
                    >
                      Thickness
                    </label>
                    <div
                      class="css-10nd86i"
                    >
                      <div
                        class="css-vj8t7z"
                      >
                        <div
                          class="css-1hwfws3"
                        >
                          <div
                            class="css-xp4uvy"
                          >
                            5
                          </div>
                          <div
                            class="css-1g6gooi"
                          >
                            <div
                              class=""
                              style="display: inline-block;"
                            >
                              <input
                                aria-autocomplete="list"
                                autocapitalize="none"
                                autocomplete="off"
                                autocorrect="off"
                                id="react-select-2-input"
                                spellcheck="false"
                                style="box-sizing: content-box; width: 2px; border: 0px; font-size: inherit; opacity: 1; outline: 0; padding: 0px;"
                                tabindex="0"
                                type="text"
                                value=""
                              />
                              <div
                                style="position: absolute; top: 0px; left: 0px; visibility: hidden; height: 0px; overflow: scroll; white-space: pre; font-size: inherit; font-family: -webkit-small-control; letter-spacing: normal; text-transform: none;"
                              />
                            </div>
                          </div>
                        </div>
                        <div
                          class="css-1wy0on6"
                        >
                          <span
                            class="css-d8oujb"
                          />
                          <div
                            aria-hidden="true"
                            class="css-1ep9fjw"
                          >
                            <svg
                              aria-hidden="true"
                              class="css-19bqh2r"
                              focusable="false"
                              height="20"
                              viewBox="0 0 20 20"
                              width="20"
                            >
                              <path
                                d="M4.516 7.548c0.436-0.446 1.043-0.481 1.576 0l3.908 3.747 3.908-3.747c0.533-0.481 1.141-0.446 1.574 0 0.436 0.445 0.408 1.197 0 1.615-0.406 0.418-4.695 4.502-4.695 4.502-0.217 0.223-0.502 0.335-0.787 0.335s-0.57-0.112-0.789-0.335c0 0-4.287-4.084-4.695-4.502s-0.436-1.17 0-1.615z"
                              />
                            </svg>
                          </div>
                        </div>
                      </div>
                    </div>
                  </div>
                </div>
              </div>
            </div>
          </div>
        </div>
      </div>
    </div>
  </div>
</div>
`;
