// Jest Snapshot v1, https://goo.gl/fbAQLP

exports[`CreateFormDialogC renders 1`] = `
<div>
  <form>
    <div
      class="MuiDialogTitle-root-7 DialogCreatorInjector-dialogTitle-2"
    >
      <span>
        <span>
          New Form
        </span>
      </span>
      <button
        class="MuiButtonBase-root-14 MuiIconButton-root-8 DialogCreatorInjector-dialogClose-6"
        tabindex="0"
        type="button"
      >
        <span
          class="MuiIconButton-label-13"
        >
          <svg
            aria-hidden="true"
            class="MuiSvgIcon-root-17"
            focusable="false"
            role="presentation"
            viewBox="0 0 24 24"
          >
            <path
              d="M19 6.41L17.59 5 12 10.59 6.41 5 5 6.41 10.59 12 5 17.59 6.41 19 12 13.41 17.59 19 19 17.59 13.41 12z"
            />
            <path
              d="M0 0h24v24H0z"
              fill="none"
            />
          </svg>
        </span>
      </button>
    </div>
    <div
      class="MuiDialogContent-root-26 DialogCreatorInjector-dialogContent-3"
    >
      <div
        class="FormInput-formInput-27"
      >
        <div
          class="MuiFormControl-root-37 MuiFormControl-fullWidth-40"
        >
          <label
            class="MuiFormLabel-root-48 MuiFormLabel-required-53 MuiInputLabel-root-41 FormInput-textFieldLabel-32 FormInput-label-33 MuiInputLabel-formControl-42 MuiInputLabel-animated-45"
            data-shrink="false"
            for="name"
          >
            <span>
              Form Name
            </span>
            <span
              class="MuiFormLabel-asterisk-54"
            >
               *
            </span>
          </label>
          <div
            class="MuiInputBase-root-68 MuiInput-root-55 FormInput-textFieldInputWrapper-29 MuiInputBase-fullWidth-77 MuiInput-fullWidth-62 MuiInputBase-formControl-69 MuiInput-formControl-56"
          >
            <input
              aria-invalid="false"
              class="MuiInputBase-input-78 MuiInput-input-63 FormInput-textFieldInput-30"
              data-testid="form-name-input"
              id="name"
              name="name"
              type="text"
              value=""
            />
          </div>
        </div>
        <div
          class="MuiFormControl-root-37"
        >
          <label
            class="MuiFormLabel-root-48 FormInput-textFieldLabel-32 FormInput-label-33 FormInput-singleLabel-34 MuiFormLabel-required-53"
          >
            Upload Form Base
            <span
              class="MuiFormLabel-asterisk-54"
            >
               *
            </span>
          </label>
        </div>
        <div
          class="UploadFormC-dropzoneContainer-90"
          data-testid="uploadForm"
        >
          <div
            aria-disabled="false"
            class="Dropzone-root-104"
            data-testid="dropzone"
            style="position: relative;"
          >
            <div
              class="UploadFormC-dropzone-85 UploadFormC-paddingAnimationDropzoneOff-92"
            >
              <svg
                fill="none"
                height="34"
                viewBox="0 0 37 34"
                width="37"
                xmlns="http://www.w3.org/2000/svg"
              >
                <path
                  clip-rule="evenodd"
                  d="M27.75 9.25c-.077 0-.154 0-.23.003C26.445 3.954 21.76 0 16.187 0 9.802 0 4.624 5.177 4.624 11.563c0 .462.027.922.081 1.377a7.708 7.708 0 0 0 3.002 14.81 1.542 1.542 0 1 0 0-3.083 4.625 4.625 0 0 1-.934-9.156 1.542 1.542 0 0 0 1.187-1.884 8.48 8.48 0 0 1 8.227-10.543c4.49 0 8.194 3.5 8.463 7.959.057.936.93 1.606 1.85 1.417a6.167 6.167 0 1 1 1.25 12.207 1.542 1.542 0 1 0-.001 3.083 9.25 9.25 0 0 0 0-18.5zm-8.48 22.958V20.513L21 22.242a1.542 1.542 0 1 0 2.18-2.18l-3.27-3.27a3.083 3.083 0 0 0-4.361 0l-3.27 3.27a1.542 1.542 0 0 0 2.18 2.18l1.729-1.729v11.695a1.542 1.542 0 0 0 3.083 0z"
                  fill="#7A49DF"
                  fill-rule="evenodd"
                />
              </svg>
              <span>
                Upload PDF
              </span>
            </div>
            <input
              accept="application/pdf"
              autocomplete="off"
              style="position: absolute; top: 0px; right: 0px; bottom: 0px; left: 0px; opacity: 0.00001; pointer-events: none;"
              type="file"
            />
          </div>
          
        </div>
        <fieldset
          class="MuiFormControl-root-37"
        >
          <div
            aria-label="status"
            class="MuiFormGroup-root-105 FormInput-statusRadioGroup-35"
            role="radiogroup"
          >
            <label
              class="MuiFormControlLabel-root-107"
              data-testid="active-form"
            >
              <span
                class="MuiButtonBase-root-14 MuiIconButton-root-8 MuiSwitchBase-root-116 MuiRadio-root-111 MuiRadio-colorSecondary-115 MuiSwitchBase-checked-117 MuiRadio-checked-112"
              >
                <span
                  class="MuiIconButton-label-13"
                >
                  <svg
                    aria-hidden="true"
                    class="MuiSvgIcon-root-17"
                    focusable="false"
                    role="presentation"
                    viewBox="0 0 24 24"
                  >
                    <path
                      d="M12 7c-2.76 0-5 2.24-5 5s2.24 5 5 5 5-2.24 5-5-2.24-5-5-5zm0-5C6.48 2 2 6.48 2 12s4.48 10 10 10 10-4.48 10-10S17.52 2 12 2zm0 18c-4.42 0-8-3.58-8-8s3.58-8 8-8 8 3.58 8 8-3.58 8-8 8z"
                    />
                  </svg>
                  <input
                    checked=""
                    class="MuiSwitchBase-input-119"
                    name="status"
                    type="radio"
                    value="ACTIVE"
                  />
                </span>
                <span
                  class="MuiTouchRipple-root-120"
                />
              </span>
              <span
                class="MuiTypography-root-127 MuiTypography-body1-136 MuiFormControlLabel-label-110"
              >
                Active
              </span>
            </label>
            <label
              class="MuiFormControlLabel-root-107"
              data-testid="inactive-form"
            >
              <span
                class="MuiButtonBase-root-14 MuiIconButton-root-8 MuiSwitchBase-root-116 MuiRadio-root-111 MuiRadio-colorSecondary-115"
              >
                <span
                  class="MuiIconButton-label-13"
                >
                  <svg
                    aria-hidden="true"
                    class="MuiSvgIcon-root-17"
                    focusable="false"
                    role="presentation"
                    viewBox="0 0 24 24"
                  >
                    <path
                      d="M12 2C6.48 2 2 6.48 2 12s4.48 10 10 10 10-4.48 10-10S17.52 2 12 2zm0 18c-4.42 0-8-3.58-8-8s3.58-8 8-8 8 3.58 8 8-3.58 8-8 8z"
                    />
                  </svg>
                  <input
                    class="MuiSwitchBase-input-119"
                    name="status"
                    type="radio"
                    value="INACTIVE"
                  />
                </span>
                <span
                  class="MuiTouchRipple-root-120"
                />
              </span>
              <span
                class="MuiTypography-root-127 MuiTypography-body1-136 MuiFormControlLabel-label-110"
              >
                Inactive
              </span>
            </label>
          </div>
        </fieldset>
      </div>
    </div>
    <div
      class="MuiDialogActions-root-153 DialogCreatorInjector-dialogActions-4"
    >
      <button
        class="MuiButtonBase-root-14 MuiButton-root-159 MuiButton-contained-170 MuiButton-containedSecondary-172 ButtonC-secondary-157 MuiButton-raised-173 MuiButton-raisedSecondary-175 ButtonC-button-155"
        data-testid="close-dialog-button-bottom"
        tabindex="0"
        type="button"
      >
        <span
          class="MuiButton-label-160"
        >
          Cancel
        </span>
      </button>
      <button
        class="MuiButtonBase-root-14 MuiButton-root-159 MuiButton-contained-170 MuiButton-containedPrimary-171 ButtonC-primary-156 MuiButton-raised-173 MuiButton-raisedPrimary-174 ButtonC-button-155"
        data-testid="action-dialog-button-bottom"
        tabindex="0"
        type="submit"
      >
        <span
          class="MuiButton-label-160"
        >
          <span>
            Start Editing
          </span>
        </span>
      </button>
    </div>
  </form>
</div>
`;
