// Jest Snapshot v1, https://goo.gl/fbAQLP

exports[`[CreateSession]: PeopleScreen renders 1`] = `<div />`;
